// Vitest Snapshot v1, https://vitest.dev/guide/snapshot.html

exports[`ActionButtons.vue > matches the snapshot 1`] = `
"<div data-v-d9a6e0be="" class="inline-flex relative">
  <div data-v-d9a6e0be="" class="inline-flex items-center"><button data-v-d9a6e0be="" class="text-xs font-medium text-center text-gray-900 bg-white rounded-lg hover:bg-gray-100 focus:ring-4 focus:outline-none dark:text-white focus:ring-gray-50 dark:bg-gray-800 dark:hover:bg-gray-700 dark:focus:ring-gray-600" type="button"><svg xmlns="http://www.w3.org/2000/svg" width="24" height="24" viewBox="0 0 24 24" fill="none" stroke="currentColor" stroke-width="2" stroke-linecap="round" stroke-linejoin="round" class="lucide lucide-ellipsis-icon w-5 h-5">
        <circle cx="12" cy="12" r="1"></circle>
        <circle cx="19" cy="12" r="1"></circle>
        <circle cx="5" cy="12" r="1"></circle>
      </svg><span class="sr-only">Ações</span></button></div>
  <transition-stub data-v-d9a6e0be="" name="" appear="false" persisted="false" css="true">
    <!---->
  </transition-stub>
</div>"
`;
